[0.136s] DEBUG:colcon:Command line arguments: ['/usr/bin/colcon', 'build']
[0.137s] DEBUG:colcon:Parsed command line arguments: Namespace(log_base=None, log_level=None, verb_name='build', build_base='build', install_base='install', merge_install=False, symlink_install=False, test_result_base=None, continue_on_error=False, executor='parallel', parallel_workers=12, event_handlers=None, ignore_user_meta=False, metas=['./colcon.meta'], base_paths=['.'], packages_ignore=None, packages_ignore_regex=None, paths=None, packages_up_to=None, packages_up_to_regex=None, packages_above=None, packages_above_and_dependencies=None, packages_above_depth=None, packages_select_by_dep=None, packages_skip_by_dep=None, packages_skip_up_to=None, packages_select_build_failed=False, packages_skip_build_finished=False, packages_select_test_failures=False, packages_skip_test_passed=False, packages_select=None, packages_skip=None, packages_select_regex=None, packages_skip_regex=None, packages_start=None, packages_end=None, allow_overriding=[], cmake_args=None, cmake_target=None, cmake_target_skip_unavailable=False, cmake_clean_cache=False, cmake_clean_first=False, cmake_force_configure=False, ament_cmake_args=None, catkin_cmake_args=None, catkin_skip_building_tests=False, mixin_files=None, mixin=None, verb_parser=<colcon_mixin.mixin.mixin_argument.MixinArgumentDecorator object at 0x72f5f482e060>, verb_extension=<colcon_core.verb.build.BuildVerb object at 0x72f5f498af60>, main=<bound method BuildVerb.main of <colcon_core.verb.build.BuildVerb object at 0x72f5f498af60>>, mixin_verb=('build',))
[0.176s] Level 1:colcon.colcon_core.package_discovery:discover_packages(colcon_meta) check parameters
[0.176s] Level 1:colcon.colcon_core.package_discovery:discover_packages(recursive) check parameters
[0.176s] Level 1:colcon.colcon_core.package_discovery:discover_packages(ignore) check parameters
[0.176s] Level 1:colcon.colcon_core.package_discovery:discover_packages(path) check parameters
[0.176s] Level 1:colcon.colcon_core.package_discovery:discover_packages(colcon_meta) discover
[0.176s] Level 1:colcon.colcon_core.package_discovery:discover_packages(recursive) discover
[0.177s] INFO:colcon.colcon_core.package_discovery:Crawling recursively for packages in '/home/mostafa/Downloads/amcl_ws'
[0.177s] Level 1:colcon.colcon_core.package_identification:_identify(.) by extensions ['ignore', 'ignore_ament_install']
[0.177s] Level 1:colcon.colcon_core.package_identification:_identify(.) by extension 'ignore'
[0.177s] Level 1:colcon.colcon_core.package_identification:_identify(.) by extension 'ignore_ament_install'
[0.177s] Level 1:colcon.colcon_core.package_identification:_identify(.) by extensions ['colcon_pkg']
[0.177s] Level 1:colcon.colcon_core.package_identification:_identify(.) by extension 'colcon_pkg'
[0.177s] Level 1:colcon.colcon_core.package_identification:_identify(.) by extensions ['colcon_meta']
[0.177s] Level 1:colcon.colcon_core.package_identification:_identify(.) by extension 'colcon_meta'
[0.177s] Level 1:colcon.colcon_core.package_identification:_identify(.) by extensions ['ros']
[0.177s] Level 1:colcon.colcon_core.package_identification:_identify(.) by extension 'ros'
[0.200s] Level 1:colcon.colcon_core.package_identification:_identify(.) by extensions ['cmake', 'python']
[0.200s] Level 1:colcon.colcon_core.package_identification:_identify(.) by extension 'cmake'
[0.200s] Level 1:colcon.colcon_core.package_identification:_identify(.) by extension 'python'
[0.200s] Level 1:colcon.colcon_core.package_identification:_identify(.) by extensions ['python_setup_py']
[0.200s] Level 1:colcon.colcon_core.package_identification:_identify(.) by extension 'python_setup_py'
[0.200s] Level 1:colcon.colcon_core.package_identification:_identify(build) by extensions ['ignore', 'ignore_ament_install']
[0.200s] Level 1:colcon.colcon_core.package_identification:_identify(build) by extension 'ignore'
[0.200s] Level 1:colcon.colcon_core.package_identification:_identify(build) ignored
[0.200s] Level 1:colcon.colcon_core.package_identification:_identify(install) by extensions ['ignore', 'ignore_ament_install']
[0.200s] Level 1:colcon.colcon_core.package_identification:_identify(install) by extension 'ignore'
[0.200s] Level 1:colcon.colcon_core.package_identification:_identify(install) ignored
[0.201s] Level 1:colcon.colcon_core.package_identification:_identify(log) by extensions ['ignore', 'ignore_ament_install']
[0.201s] Level 1:colcon.colcon_core.package_identification:_identify(log) by extension 'ignore'
[0.201s] Level 1:colcon.colcon_core.package_identification:_identify(log) ignored
[0.201s] Level 1:colcon.colcon_core.package_identification:_identify(src) by extensions ['ignore', 'ignore_ament_install']
[0.201s] Level 1:colcon.colcon_core.package_identification:_identify(src) by extension 'ignore'
[0.201s] Level 1:colcon.colcon_core.package_identification:_identify(src) by extension 'ignore_ament_install'
[0.201s] Level 1:colcon.colcon_core.package_identification:_identify(src) by extensions ['colcon_pkg']
[0.201s] Level 1:colcon.colcon_core.package_identification:_identify(src) by extension 'colcon_pkg'
[0.201s] Level 1:colcon.colcon_core.package_identification:_identify(src) by extensions ['colcon_meta']
[0.201s] Level 1:colcon.colcon_core.package_identification:_identify(src) by extension 'colcon_meta'
[0.201s] Level 1:colcon.colcon_core.package_identification:_identify(src) by extensions ['ros']
[0.201s] Level 1:colcon.colcon_core.package_identification:_identify(src) by extension 'ros'
[0.201s] Level 1:colcon.colcon_core.package_identification:_identify(src) by extensions ['cmake', 'python']
[0.201s] Level 1:colcon.colcon_core.package_identification:_identify(src) by extension 'cmake'
[0.201s] Level 1:colcon.colcon_core.package_identification:_identify(src) by extension 'python'
[0.201s] Level 1:colcon.colcon_core.package_identification:_identify(src) by extensions ['python_setup_py']
[0.201s] Level 1:colcon.colcon_core.package_identification:_identify(src) by extension 'python_setup_py'
[0.201s] Level 1:colcon.colcon_core.package_identification:_identify(src/amcl_loc) by extensions ['ignore', 'ignore_ament_install']
[0.201s] Level 1:colcon.colcon_core.package_identification:_identify(src/amcl_loc) by extension 'ignore'
[0.201s] Level 1:colcon.colcon_core.package_identification:_identify(src/amcl_loc) by extension 'ignore_ament_install'
[0.201s] Level 1:colcon.colcon_core.package_identification:_identify(src/amcl_loc) by extensions ['colcon_pkg']
[0.201s] Level 1:colcon.colcon_core.package_identification:_identify(src/amcl_loc) by extension 'colcon_pkg'
[0.201s] Level 1:colcon.colcon_core.package_identification:_identify(src/amcl_loc) by extensions ['colcon_meta']
[0.201s] Level 1:colcon.colcon_core.package_identification:_identify(src/amcl_loc) by extension 'colcon_meta'
[0.201s] Level 1:colcon.colcon_core.package_identification:_identify(src/amcl_loc) by extensions ['ros']
[0.202s] Level 1:colcon.colcon_core.package_identification:_identify(src/amcl_loc) by extension 'ros'
[0.204s] DEBUG:colcon.colcon_core.package_identification:Package 'src/amcl_loc' with type 'ros.ament_cmake' and name 'amcl_loc'
[0.204s] Level 1:colcon.colcon_core.package_identification:_identify(src/robot_gazebo) by extensions ['ignore', 'ignore_ament_install']
[0.204s] Level 1:colcon.colcon_core.package_identification:_identify(src/robot_gazebo) by extension 'ignore'
[0.204s] Level 1:colcon.colcon_core.package_identification:_identify(src/robot_gazebo) by extension 'ignore_ament_install'
[0.204s] Level 1:colcon.colcon_core.package_identification:_identify(src/robot_gazebo) by extensions ['colcon_pkg']
[0.204s] Level 1:colcon.colcon_core.package_identification:_identify(src/robot_gazebo) by extension 'colcon_pkg'
[0.204s] Level 1:colcon.colcon_core.package_identification:_identify(src/robot_gazebo) by extensions ['colcon_meta']
[0.204s] Level 1:colcon.colcon_core.package_identification:_identify(src/robot_gazebo) by extension 'colcon_meta'
[0.204s] Level 1:colcon.colcon_core.package_identification:_identify(src/robot_gazebo) by extensions ['ros']
[0.204s] Level 1:colcon.colcon_core.package_identification:_identify(src/robot_gazebo) by extension 'ros'
[0.205s] DEBUG:colcon.colcon_core.package_identification:Package 'src/robot_gazebo' with type 'ros.ament_cmake' and name 'robot_gazebo'
[0.205s] Level 1:colcon.colcon_core.package_identification:_identify(src/robot_slam) by extensions ['ignore', 'ignore_ament_install']
[0.205s] Level 1:colcon.colcon_core.package_identification:_identify(src/robot_slam) by extension 'ignore'
[0.205s] Level 1:colcon.colcon_core.package_identification:_identify(src/robot_slam) by extension 'ignore_ament_install'
[0.205s] Level 1:colcon.colcon_core.package_identification:_identify(src/robot_slam) by extensions ['colcon_pkg']
[0.205s] Level 1:colcon.colcon_core.package_identification:_identify(src/robot_slam) by extension 'colcon_pkg'
[0.205s] Level 1:colcon.colcon_core.package_identification:_identify(src/robot_slam) by extensions ['colcon_meta']
[0.205s] Level 1:colcon.colcon_core.package_identification:_identify(src/robot_slam) by extension 'colcon_meta'
[0.205s] Level 1:colcon.colcon_core.package_identification:_identify(src/robot_slam) by extensions ['ros']
[0.205s] Level 1:colcon.colcon_core.package_identification:_identify(src/robot_slam) by extension 'ros'
[0.206s] DEBUG:colcon.colcon_core.package_identification:Package 'src/robot_slam' with type 'ros.ament_cmake' and name 'robot_slam'
[0.206s] Level 1:colcon.colcon_core.package_discovery:discover_packages(recursive) using defaults
[0.206s] Level 1:colcon.colcon_core.package_discovery:discover_packages(ignore) discover
[0.206s] Level 1:colcon.colcon_core.package_discovery:discover_packages(ignore) using defaults
[0.206s] Level 1:colcon.colcon_core.package_discovery:discover_packages(path) discover
[0.206s] Level 1:colcon.colcon_core.package_discovery:discover_packages(path) using defaults
[0.224s] Level 1:colcon.colcon_core.package_discovery:discover_packages(prefix_path) check parameters
[0.224s] Level 1:colcon.colcon_core.package_discovery:discover_packages(prefix_path) discover
[0.225s] WARNING:colcon.colcon_ros.prefix_path.ament:The path '/home/mostafa/Downloads/amcl_ws/install/robot_slam' in the environment variable AMENT_PREFIX_PATH doesn't exist
[0.225s] WARNING:colcon.colcon_ros.prefix_path.ament:The path '/home/mostafa/Downloads/amcl_ws/install/robot_gazebo' in the environment variable AMENT_PREFIX_PATH doesn't exist
[0.225s] WARNING:colcon.colcon_ros.prefix_path.ament:The path '/home/mostafa/Downloads/amcl_ws/install/amcl_loc' in the environment variable AMENT_PREFIX_PATH doesn't exist
[0.225s] WARNING:colcon.colcon_ros.prefix_path.catkin:The path '/home/mostafa/Downloads/amcl_ws/install/robot_slam' in the environment variable CMAKE_PREFIX_PATH doesn't exist
[0.225s] WARNING:colcon.colcon_ros.prefix_path.catkin:The path '/home/mostafa/Downloads/amcl_ws/install/robot_gazebo' in the environment variable CMAKE_PREFIX_PATH doesn't exist
[0.225s] WARNING:colcon.colcon_ros.prefix_path.catkin:The path '/home/mostafa/Downloads/amcl_ws/install/amcl_loc' in the environment variable CMAKE_PREFIX_PATH doesn't exist
[0.226s] DEBUG:colcon.colcon_installed_package_information.package_discovery:Found 0 installed packages in /home/mostafa/Downloads/amcl_ws/install
[0.229s] DEBUG:colcon.colcon_installed_package_information.package_discovery:Found 498 installed packages in /opt/ros/jazzy
[0.230s] Level 1:colcon.colcon_core.package_discovery:discover_packages(prefix_path) using defaults
[0.288s] Level 5:colcon.colcon_core.verb:set package 'amcl_loc' build argument 'cmake_args' from command line to 'None'
[0.288s] Level 5:colcon.colcon_core.verb:set package 'amcl_loc' build argument 'cmake_target' from command line to 'None'
[0.288s] Level 5:colcon.colcon_core.verb:set package 'amcl_loc' build argument 'cmake_target_skip_unavailable' from command line to 'False'
[0.288s] Level 5:colcon.colcon_core.verb:set package 'amcl_loc' build argument 'cmake_clean_cache' from command line to 'False'
[0.288s] Level 5:colcon.colcon_core.verb:set package 'amcl_loc' build argument 'cmake_clean_first' from command line to 'False'
[0.288s] Level 5:colcon.colcon_core.verb:set package 'amcl_loc' build argument 'cmake_force_configure' from command line to 'False'
[0.288s] Level 5:colcon.colcon_core.verb:set package 'amcl_loc' build argument 'ament_cmake_args' from command line to 'None'
[0.288s] Level 5:colcon.colcon_core.verb:set package 'amcl_loc' build argument 'catkin_cmake_args' from command line to 'None'
[0.288s] Level 5:colcon.colcon_core.verb:set package 'amcl_loc' build argument 'catkin_skip_building_tests' from command line to 'False'
[0.288s] DEBUG:colcon.colcon_core.verb:Building package 'amcl_loc' with the following arguments: {'ament_cmake_args': None, 'build_base': '/home/mostafa/Downloads/amcl_ws/build/amcl_loc', 'catkin_cmake_args': None, 'catkin_skip_building_tests': False, 'cmake_args': None, 'cmake_clean_cache': False, 'cmake_clean_first': False, 'cmake_force_configure': False, 'cmake_target': None, 'cmake_target_skip_unavailable': False, 'install_base': '/home/mostafa/Downloads/amcl_ws/install/amcl_loc', 'merge_install': False, 'path': '/home/mostafa/Downloads/amcl_ws/src/amcl_loc', 'symlink_install': False, 'test_result_base': None}
[0.289s] Level 5:colcon.colcon_core.verb:set package 'robot_gazebo' build argument 'cmake_args' from command line to 'None'
[0.289s] Level 5:colcon.colcon_core.verb:set package 'robot_gazebo' build argument 'cmake_target' from command line to 'None'
[0.289s] Level 5:colcon.colcon_core.verb:set package 'robot_gazebo' build argument 'cmake_target_skip_unavailable' from command line to 'False'
[0.289s] Level 5:colcon.colcon_core.verb:set package 'robot_gazebo' build argument 'cmake_clean_cache' from command line to 'False'
[0.289s] Level 5:colcon.colcon_core.verb:set package 'robot_gazebo' build argument 'cmake_clean_first' from command line to 'False'
[0.289s] Level 5:colcon.colcon_core.verb:set package 'robot_gazebo' build argument 'cmake_force_configure' from command line to 'False'
[0.289s] Level 5:colcon.colcon_core.verb:set package 'robot_gazebo' build argument 'ament_cmake_args' from command line to 'None'
[0.289s] Level 5:colcon.colcon_core.verb:set package 'robot_gazebo' build argument 'catkin_cmake_args' from command line to 'None'
[0.289s] Level 5:colcon.colcon_core.verb:set package 'robot_gazebo' build argument 'catkin_skip_building_tests' from command line to 'False'
[0.289s] DEBUG:colcon.colcon_core.verb:Building package 'robot_gazebo' with the following arguments: {'ament_cmake_args': None, 'build_base': '/home/mostafa/Downloads/amcl_ws/build/robot_gazebo', 'catkin_cmake_args': None, 'catkin_skip_building_tests': False, 'cmake_args': None, 'cmake_clean_cache': False, 'cmake_clean_first': False, 'cmake_force_configure': False, 'cmake_target': None, 'cmake_target_skip_unavailable': False, 'install_base': '/home/mostafa/Downloads/amcl_ws/install/robot_gazebo', 'merge_install': False, 'path': '/home/mostafa/Downloads/amcl_ws/src/robot_gazebo', 'symlink_install': False, 'test_result_base': None}
[0.289s] Level 5:colcon.colcon_core.verb:set package 'robot_slam' build argument 'cmake_args' from command line to 'None'
[0.289s] Level 5:colcon.colcon_core.verb:set package 'robot_slam' build argument 'cmake_target' from command line to 'None'
[0.289s] Level 5:colcon.colcon_core.verb:set package 'robot_slam' build argument 'cmake_target_skip_unavailable' from command line to 'False'
[0.289s] Level 5:colcon.colcon_core.verb:set package 'robot_slam' build argument 'cmake_clean_cache' from command line to 'False'
[0.289s] Level 5:colcon.colcon_core.verb:set package 'robot_slam' build argument 'cmake_clean_first' from command line to 'False'
[0.289s] Level 5:colcon.colcon_core.verb:set package 'robot_slam' build argument 'cmake_force_configure' from command line to 'False'
[0.289s] Level 5:colcon.colcon_core.verb:set package 'robot_slam' build argument 'ament_cmake_args' from command line to 'None'
[0.289s] Level 5:colcon.colcon_core.verb:set package 'robot_slam' build argument 'catkin_cmake_args' from command line to 'None'
[0.289s] Level 5:colcon.colcon_core.verb:set package 'robot_slam' build argument 'catkin_skip_building_tests' from command line to 'False'
[0.289s] DEBUG:colcon.colcon_core.verb:Building package 'robot_slam' with the following arguments: {'ament_cmake_args': None, 'build_base': '/home/mostafa/Downloads/amcl_ws/build/robot_slam', 'catkin_cmake_args': None, 'catkin_skip_building_tests': False, 'cmake_args': None, 'cmake_clean_cache': False, 'cmake_clean_first': False, 'cmake_force_configure': False, 'cmake_target': None, 'cmake_target_skip_unavailable': False, 'install_base': '/home/mostafa/Downloads/amcl_ws/install/robot_slam', 'merge_install': False, 'path': '/home/mostafa/Downloads/amcl_ws/src/robot_slam', 'symlink_install': False, 'test_result_base': None}
[0.289s] INFO:colcon.colcon_core.executor:Executing jobs using 'parallel' executor
[0.290s] DEBUG:colcon.colcon_parallel_executor.executor.parallel:run_until_complete
[0.290s] INFO:colcon.colcon_ros.task.ament_cmake.build:Building ROS package in '/home/mostafa/Downloads/amcl_ws/src/amcl_loc' with build type 'ament_cmake'
[0.291s] INFO:colcon.colcon_cmake.task.cmake.build:Building CMake package in '/home/mostafa/Downloads/amcl_ws/src/amcl_loc'
[0.294s] INFO:colcon.colcon_core.plugin_system:Skipping extension 'colcon_core.shell.bat': Not used on non-Windows systems
[0.294s] INFO:colcon.colcon_core.shell:Skip shell extension 'powershell' for command environment: Not usable outside of PowerShell
[0.294s] DEBUG:colcon.colcon_core.shell:Skip shell extension 'dsv' for command environment
[0.299s] INFO:colcon.colcon_ros.task.ament_cmake.build:Building ROS package in '/home/mostafa/Downloads/amcl_ws/src/robot_gazebo' with build type 'ament_cmake'
[0.299s] INFO:colcon.colcon_cmake.task.cmake.build:Building CMake package in '/home/mostafa/Downloads/amcl_ws/src/robot_gazebo'
[0.300s] INFO:colcon.colcon_core.shell:Skip shell extension 'powershell' for command environment: Not usable outside of PowerShell
[0.300s] DEBUG:colcon.colcon_core.shell:Skip shell extension 'dsv' for command environment
[0.305s] INFO:colcon.colcon_ros.task.ament_cmake.build:Building ROS package in '/home/mostafa/Downloads/amcl_ws/src/robot_slam' with build type 'ament_cmake'
[0.305s] INFO:colcon.colcon_cmake.task.cmake.build:Building CMake package in '/home/mostafa/Downloads/amcl_ws/src/robot_slam'
[0.306s] INFO:colcon.colcon_core.shell:Skip shell extension 'powershell' for command environment: Not usable outside of PowerShell
[0.306s] DEBUG:colcon.colcon_core.shell:Skip shell extension 'dsv' for command environment
[0.315s] DEBUG:colcon.colcon_core.event_handler.log_command:Invoking command in '/home/mostafa/Downloads/amcl_ws/build/amcl_loc': CMAKE_PREFIX_PATH=${CMAKE_PREFIX_PATH}:/opt/ros/jazzy DEBUGINFOD_URLS=https://debuginfod.ubuntu.com /usr/bin/cmake /home/mostafa/Downloads/amcl_ws/src/amcl_loc -DCMAKE_INSTALL_PREFIX=/home/mostafa/Downloads/amcl_ws/install/amcl_loc
[0.317s] DEBUG:colcon.colcon_core.event_handler.log_command:Invoking command in '/home/mostafa/Downloads/amcl_ws/build/robot_gazebo': CMAKE_PREFIX_PATH=${CMAKE_PREFIX_PATH}:/opt/ros/jazzy DEBUGINFOD_URLS=https://debuginfod.ubuntu.com /usr/bin/cmake /home/mostafa/Downloads/amcl_ws/src/robot_gazebo -DCMAKE_INSTALL_PREFIX=/home/mostafa/Downloads/amcl_ws/install/robot_gazebo
[0.323s] DEBUG:colcon.colcon_core.event_handler.log_command:Invoking command in '/home/mostafa/Downloads/amcl_ws/build/robot_slam': CMAKE_PREFIX_PATH=${CMAKE_PREFIX_PATH}:/opt/ros/jazzy DEBUGINFOD_URLS=https://debuginfod.ubuntu.com /usr/bin/cmake /home/mostafa/Downloads/amcl_ws/src/robot_slam -DCMAKE_INSTALL_PREFIX=/home/mostafa/Downloads/amcl_ws/install/robot_slam
[2.373s] DEBUG:colcon.colcon_core.event_handler.log_command:Invoked command in '/home/mostafa/Downloads/amcl_ws/build/amcl_loc' returned '0': CMAKE_PREFIX_PATH=${CMAKE_PREFIX_PATH}:/opt/ros/jazzy DEBUGINFOD_URLS=https://debuginfod.ubuntu.com /usr/bin/cmake /home/mostafa/Downloads/amcl_ws/src/amcl_loc -DCMAKE_INSTALL_PREFIX=/home/mostafa/Downloads/amcl_ws/install/amcl_loc
[2.374s] DEBUG:colcon.colcon_core.event_handler.log_command:Invoking command in '/home/mostafa/Downloads/amcl_ws/build/amcl_loc': CMAKE_PREFIX_PATH=${CMAKE_PREFIX_PATH}:/opt/ros/jazzy DEBUGINFOD_URLS=https://debuginfod.ubuntu.com /usr/bin/cmake --build /home/mostafa/Downloads/amcl_ws/build/amcl_loc -- -j12 -l12
[2.466s] DEBUG:colcon.colcon_core.event_handler.log_command:Invoked command in '/home/mostafa/Downloads/amcl_ws/build/amcl_loc' returned '0': CMAKE_PREFIX_PATH=${CMAKE_PREFIX_PATH}:/opt/ros/jazzy DEBUGINFOD_URLS=https://debuginfod.ubuntu.com /usr/bin/cmake --build /home/mostafa/Downloads/amcl_ws/build/amcl_loc -- -j12 -l12
[2.489s] DEBUG:colcon.colcon_core.event_handler.log_command:Invoking command in '/home/mostafa/Downloads/amcl_ws/build/amcl_loc': CMAKE_PREFIX_PATH=${CMAKE_PREFIX_PATH}:/opt/ros/jazzy DEBUGINFOD_URLS=https://debuginfod.ubuntu.com /usr/bin/cmake --install /home/mostafa/Downloads/amcl_ws/build/amcl_loc
[2.517s] DEBUG:colcon.colcon_core.event_handler.log_command:Invoked command in '/home/mostafa/Downloads/amcl_ws/build/robot_slam' returned '0': CMAKE_PREFIX_PATH=${CMAKE_PREFIX_PATH}:/opt/ros/jazzy DEBUGINFOD_URLS=https://debuginfod.ubuntu.com /usr/bin/cmake /home/mostafa/Downloads/amcl_ws/src/robot_slam -DCMAKE_INSTALL_PREFIX=/home/mostafa/Downloads/amcl_ws/install/robot_slam
[2.518s] DEBUG:colcon.colcon_core.event_handler.log_command:Invoking command in '/home/mostafa/Downloads/amcl_ws/build/robot_slam': CMAKE_PREFIX_PATH=${CMAKE_PREFIX_PATH}:/opt/ros/jazzy DEBUGINFOD_URLS=https://debuginfod.ubuntu.com /usr/bin/cmake --build /home/mostafa/Downloads/amcl_ws/build/robot_slam -- -j12 -l12
[2.526s] Level 1:colcon.colcon_core.environment:create_environment_scripts_only(amcl_loc)
[2.526s] DEBUG:colcon.colcon_core.event_handler.log_command:Invoked command in '/home/mostafa/Downloads/amcl_ws/build/amcl_loc' returned '0': CMAKE_PREFIX_PATH=${CMAKE_PREFIX_PATH}:/opt/ros/jazzy DEBUGINFOD_URLS=https://debuginfod.ubuntu.com /usr/bin/cmake --install /home/mostafa/Downloads/amcl_ws/build/amcl_loc
[2.530s] Level 1:colcon.colcon_core.environment:checking '/home/mostafa/Downloads/amcl_ws/install/amcl_loc' for CMake module files
[2.531s] Level 1:colcon.colcon_core.environment:checking '/home/mostafa/Downloads/amcl_ws/install/amcl_loc' for CMake config files
[2.531s] Level 1:colcon.colcon_core.shell:create_environment_hook('amcl_loc', 'cmake_prefix_path')
[2.532s] INFO:colcon.colcon_core.shell:Creating environment hook '/home/mostafa/Downloads/amcl_ws/install/amcl_loc/share/amcl_loc/hook/cmake_prefix_path.ps1'
[2.532s] INFO:colcon.colcon_core.shell:Creating environment descriptor '/home/mostafa/Downloads/amcl_ws/install/amcl_loc/share/amcl_loc/hook/cmake_prefix_path.dsv'
[2.533s] INFO:colcon.colcon_core.shell:Creating environment hook '/home/mostafa/Downloads/amcl_ws/install/amcl_loc/share/amcl_loc/hook/cmake_prefix_path.sh'
[2.534s] Level 1:colcon.colcon_core.environment:checking '/home/mostafa/Downloads/amcl_ws/install/amcl_loc/bin'
[2.534s] Level 1:colcon.colcon_core.environment:checking '/home/mostafa/Downloads/amcl_ws/install/amcl_loc/lib/pkgconfig/amcl_loc.pc'
[2.534s] Level 1:colcon.colcon_core.environment:checking '/home/mostafa/Downloads/amcl_ws/install/amcl_loc/lib/python3.12/site-packages'
[2.535s] Level 1:colcon.colcon_core.environment:checking '/home/mostafa/Downloads/amcl_ws/install/amcl_loc/bin'
[2.535s] INFO:colcon.colcon_core.shell:Creating package script '/home/mostafa/Downloads/amcl_ws/install/amcl_loc/share/amcl_loc/package.ps1'
[2.536s] INFO:colcon.colcon_core.shell:Creating package descriptor '/home/mostafa/Downloads/amcl_ws/install/amcl_loc/share/amcl_loc/package.dsv'
[2.537s] INFO:colcon.colcon_core.shell:Creating package script '/home/mostafa/Downloads/amcl_ws/install/amcl_loc/share/amcl_loc/package.sh'
[2.538s] INFO:colcon.colcon_core.shell:Creating package script '/home/mostafa/Downloads/amcl_ws/install/amcl_loc/share/amcl_loc/package.bash'
[2.538s] INFO:colcon.colcon_core.shell:Creating package script '/home/mostafa/Downloads/amcl_ws/install/amcl_loc/share/amcl_loc/package.zsh'
[2.539s] Level 1:colcon.colcon_core.environment:create_file_with_runtime_dependencies(/home/mostafa/Downloads/amcl_ws/install/amcl_loc/share/colcon-core/packages/amcl_loc)
[2.540s] Level 1:colcon.colcon_core.environment:create_environment_scripts_only(amcl_loc)
[2.540s] Level 1:colcon.colcon_core.environment:checking '/home/mostafa/Downloads/amcl_ws/install/amcl_loc' for CMake module files
[2.541s] Level 1:colcon.colcon_core.environment:checking '/home/mostafa/Downloads/amcl_ws/install/amcl_loc' for CMake config files
[2.541s] Level 1:colcon.colcon_core.shell:create_environment_hook('amcl_loc', 'cmake_prefix_path')
[2.541s] INFO:colcon.colcon_core.shell:Creating environment hook '/home/mostafa/Downloads/amcl_ws/install/amcl_loc/share/amcl_loc/hook/cmake_prefix_path.ps1'
[2.542s] INFO:colcon.colcon_core.shell:Creating environment descriptor '/home/mostafa/Downloads/amcl_ws/install/amcl_loc/share/amcl_loc/hook/cmake_prefix_path.dsv'
[2.542s] INFO:colcon.colcon_core.shell:Creating environment hook '/home/mostafa/Downloads/amcl_ws/install/amcl_loc/share/amcl_loc/hook/cmake_prefix_path.sh'
[2.543s] Level 1:colcon.colcon_core.environment:checking '/home/mostafa/Downloads/amcl_ws/install/amcl_loc/bin'
[2.543s] Level 1:colcon.colcon_core.environment:checking '/home/mostafa/Downloads/amcl_ws/install/amcl_loc/lib/pkgconfig/amcl_loc.pc'
[2.543s] Level 1:colcon.colcon_core.environment:checking '/home/mostafa/Downloads/amcl_ws/install/amcl_loc/lib/python3.12/site-packages'
[2.544s] Level 1:colcon.colcon_core.environment:checking '/home/mostafa/Downloads/amcl_ws/install/amcl_loc/bin'
[2.544s] INFO:colcon.colcon_core.shell:Creating package script '/home/mostafa/Downloads/amcl_ws/install/amcl_loc/share/amcl_loc/package.ps1'
[2.545s] INFO:colcon.colcon_core.shell:Creating package descriptor '/home/mostafa/Downloads/amcl_ws/install/amcl_loc/share/amcl_loc/package.dsv'
[2.545s] INFO:colcon.colcon_core.shell:Creating package script '/home/mostafa/Downloads/amcl_ws/install/amcl_loc/share/amcl_loc/package.sh'
[2.545s] INFO:colcon.colcon_core.shell:Creating package script '/home/mostafa/Downloads/amcl_ws/install/amcl_loc/share/amcl_loc/package.bash'
[2.546s] INFO:colcon.colcon_core.shell:Creating package script '/home/mostafa/Downloads/amcl_ws/install/amcl_loc/share/amcl_loc/package.zsh'
[2.546s] Level 1:colcon.colcon_core.environment:create_file_with_runtime_dependencies(/home/mostafa/Downloads/amcl_ws/install/amcl_loc/share/colcon-core/packages/amcl_loc)
[2.590s] DEBUG:colcon.colcon_core.event_handler.log_command:Invoked command in '/home/mostafa/Downloads/amcl_ws/build/robot_gazebo' returned '0': CMAKE_PREFIX_PATH=${CMAKE_PREFIX_PATH}:/opt/ros/jazzy DEBUGINFOD_URLS=https://debuginfod.ubuntu.com /usr/bin/cmake /home/mostafa/Downloads/amcl_ws/src/robot_gazebo -DCMAKE_INSTALL_PREFIX=/home/mostafa/Downloads/amcl_ws/install/robot_gazebo
[2.591s] DEBUG:colcon.colcon_core.event_handler.log_command:Invoking command in '/home/mostafa/Downloads/amcl_ws/build/robot_gazebo': CMAKE_PREFIX_PATH=${CMAKE_PREFIX_PATH}:/opt/ros/jazzy DEBUGINFOD_URLS=https://debuginfod.ubuntu.com /usr/bin/cmake --build /home/mostafa/Downloads/amcl_ws/build/robot_gazebo -- -j12 -l12
[2.592s] DEBUG:colcon.colcon_core.event_handler.log_command:Invoked command in '/home/mostafa/Downloads/amcl_ws/build/robot_slam' returned '0': CMAKE_PREFIX_PATH=${CMAKE_PREFIX_PATH}:/opt/ros/jazzy DEBUGINFOD_URLS=https://debuginfod.ubuntu.com /usr/bin/cmake --build /home/mostafa/Downloads/amcl_ws/build/robot_slam -- -j12 -l12
[2.594s] DEBUG:colcon.colcon_core.event_handler.log_command:Invoking command in '/home/mostafa/Downloads/amcl_ws/build/robot_slam': CMAKE_PREFIX_PATH=${CMAKE_PREFIX_PATH}:/opt/ros/jazzy DEBUGINFOD_URLS=https://debuginfod.ubuntu.com /usr/bin/cmake --install /home/mostafa/Downloads/amcl_ws/build/robot_slam
[2.625s] Level 1:colcon.colcon_core.environment:create_environment_scripts_only(robot_slam)
[2.625s] Level 1:colcon.colcon_core.environment:checking '/home/mostafa/Downloads/amcl_ws/install/robot_slam' for CMake module files
[2.625s] DEBUG:colcon.colcon_core.event_handler.log_command:Invoked command in '/home/mostafa/Downloads/amcl_ws/build/robot_slam' returned '0': CMAKE_PREFIX_PATH=${CMAKE_PREFIX_PATH}:/opt/ros/jazzy DEBUGINFOD_URLS=https://debuginfod.ubuntu.com /usr/bin/cmake --install /home/mostafa/Downloads/amcl_ws/build/robot_slam
[2.626s] Level 1:colcon.colcon_core.environment:checking '/home/mostafa/Downloads/amcl_ws/install/robot_slam' for CMake config files
[2.627s] Level 1:colcon.colcon_core.shell:create_environment_hook('robot_slam', 'cmake_prefix_path')
[2.627s] INFO:colcon.colcon_core.shell:Creating environment hook '/home/mostafa/Downloads/amcl_ws/install/robot_slam/share/robot_slam/hook/cmake_prefix_path.ps1'
[2.628s] INFO:colcon.colcon_core.shell:Creating environment descriptor '/home/mostafa/Downloads/amcl_ws/install/robot_slam/share/robot_slam/hook/cmake_prefix_path.dsv'
[2.628s] INFO:colcon.colcon_core.shell:Creating environment hook '/home/mostafa/Downloads/amcl_ws/install/robot_slam/share/robot_slam/hook/cmake_prefix_path.sh'
[2.629s] Level 1:colcon.colcon_core.environment:checking '/home/mostafa/Downloads/amcl_ws/install/robot_slam/bin'
[2.629s] Level 1:colcon.colcon_core.environment:checking '/home/mostafa/Downloads/amcl_ws/install/robot_slam/lib/pkgconfig/robot_slam.pc'
[2.631s] Level 1:colcon.colcon_core.environment:checking '/home/mostafa/Downloads/amcl_ws/install/robot_slam/lib/python3.12/site-packages'
[2.631s] Level 1:colcon.colcon_core.environment:checking '/home/mostafa/Downloads/amcl_ws/install/robot_slam/bin'
[2.632s] INFO:colcon.colcon_core.shell:Creating package script '/home/mostafa/Downloads/amcl_ws/install/robot_slam/share/robot_slam/package.ps1'
[2.633s] INFO:colcon.colcon_core.shell:Creating package descriptor '/home/mostafa/Downloads/amcl_ws/install/robot_slam/share/robot_slam/package.dsv'
[2.635s] INFO:colcon.colcon_core.shell:Creating package script '/home/mostafa/Downloads/amcl_ws/install/robot_slam/share/robot_slam/package.sh'
[2.635s] INFO:colcon.colcon_core.shell:Creating package script '/home/mostafa/Downloads/amcl_ws/install/robot_slam/share/robot_slam/package.bash'
[2.636s] INFO:colcon.colcon_core.shell:Creating package script '/home/mostafa/Downloads/amcl_ws/install/robot_slam/share/robot_slam/package.zsh'
[2.636s] Level 1:colcon.colcon_core.environment:create_file_with_runtime_dependencies(/home/mostafa/Downloads/amcl_ws/install/robot_slam/share/colcon-core/packages/robot_slam)
[2.637s] Level 1:colcon.colcon_core.environment:create_environment_scripts_only(robot_slam)
[2.637s] Level 1:colcon.colcon_core.environment:checking '/home/mostafa/Downloads/amcl_ws/install/robot_slam' for CMake module files
[2.638s] Level 1:colcon.colcon_core.environment:checking '/home/mostafa/Downloads/amcl_ws/install/robot_slam' for CMake config files
[2.638s] Level 1:colcon.colcon_core.shell:create_environment_hook('robot_slam', 'cmake_prefix_path')
[2.638s] INFO:colcon.colcon_core.shell:Creating environment hook '/home/mostafa/Downloads/amcl_ws/install/robot_slam/share/robot_slam/hook/cmake_prefix_path.ps1'
[2.641s] INFO:colcon.colcon_core.shell:Creating environment descriptor '/home/mostafa/Downloads/amcl_ws/install/robot_slam/share/robot_slam/hook/cmake_prefix_path.dsv'
[2.641s] INFO:colcon.colcon_core.shell:Creating environment hook '/home/mostafa/Downloads/amcl_ws/install/robot_slam/share/robot_slam/hook/cmake_prefix_path.sh'
[2.642s] Level 1:colcon.colcon_core.environment:checking '/home/mostafa/Downloads/amcl_ws/install/robot_slam/bin'
[2.642s] Level 1:colcon.colcon_core.environment:checking '/home/mostafa/Downloads/amcl_ws/install/robot_slam/lib/pkgconfig/robot_slam.pc'
[2.642s] Level 1:colcon.colcon_core.environment:checking '/home/mostafa/Downloads/amcl_ws/install/robot_slam/lib/python3.12/site-packages'
[2.643s] Level 1:colcon.colcon_core.environment:checking '/home/mostafa/Downloads/amcl_ws/install/robot_slam/bin'
[2.643s] INFO:colcon.colcon_core.shell:Creating package script '/home/mostafa/Downloads/amcl_ws/install/robot_slam/share/robot_slam/package.ps1'
[2.644s] INFO:colcon.colcon_core.shell:Creating package descriptor '/home/mostafa/Downloads/amcl_ws/install/robot_slam/share/robot_slam/package.dsv'
[2.645s] INFO:colcon.colcon_core.shell:Creating package script '/home/mostafa/Downloads/amcl_ws/install/robot_slam/share/robot_slam/package.sh'
[2.647s] INFO:colcon.colcon_core.shell:Creating package script '/home/mostafa/Downloads/amcl_ws/install/robot_slam/share/robot_slam/package.bash'
[2.647s] INFO:colcon.colcon_core.shell:Creating package script '/home/mostafa/Downloads/amcl_ws/install/robot_slam/share/robot_slam/package.zsh'
[2.648s] Level 1:colcon.colcon_core.environment:create_file_with_runtime_dependencies(/home/mostafa/Downloads/amcl_ws/install/robot_slam/share/colcon-core/packages/robot_slam)
[2.664s] DEBUG:colcon.colcon_core.event_handler.log_command:Invoked command in '/home/mostafa/Downloads/amcl_ws/build/robot_gazebo' returned '0': CMAKE_PREFIX_PATH=${CMAKE_PREFIX_PATH}:/opt/ros/jazzy DEBUGINFOD_URLS=https://debuginfod.ubuntu.com /usr/bin/cmake --build /home/mostafa/Downloads/amcl_ws/build/robot_gazebo -- -j12 -l12
[2.665s] DEBUG:colcon.colcon_core.event_handler.log_command:Invoking command in '/home/mostafa/Downloads/amcl_ws/build/robot_gazebo': CMAKE_PREFIX_PATH=${CMAKE_PREFIX_PATH}:/opt/ros/jazzy DEBUGINFOD_URLS=https://debuginfod.ubuntu.com /usr/bin/cmake --install /home/mostafa/Downloads/amcl_ws/build/robot_gazebo
[2.685s] Level 1:colcon.colcon_core.environment:create_environment_scripts_only(robot_gazebo)
[2.686s] Level 1:colcon.colcon_core.environment:checking '/home/mostafa/Downloads/amcl_ws/install/robot_gazebo' for CMake module files
[2.686s] DEBUG:colcon.colcon_core.event_handler.log_command:Invoked command in '/home/mostafa/Downloads/amcl_ws/build/robot_gazebo' returned '0': CMAKE_PREFIX_PATH=${CMAKE_PREFIX_PATH}:/opt/ros/jazzy DEBUGINFOD_URLS=https://debuginfod.ubuntu.com /usr/bin/cmake --install /home/mostafa/Downloads/amcl_ws/build/robot_gazebo
[2.687s] Level 1:colcon.colcon_core.environment:checking '/home/mostafa/Downloads/amcl_ws/install/robot_gazebo' for CMake config files
[2.687s] Level 1:colcon.colcon_core.shell:create_environment_hook('robot_gazebo', 'cmake_prefix_path')
[2.687s] INFO:colcon.colcon_core.shell:Creating environment hook '/home/mostafa/Downloads/amcl_ws/install/robot_gazebo/share/robot_gazebo/hook/cmake_prefix_path.ps1'
[2.688s] INFO:colcon.colcon_core.shell:Creating environment descriptor '/home/mostafa/Downloads/amcl_ws/install/robot_gazebo/share/robot_gazebo/hook/cmake_prefix_path.dsv'
[2.689s] INFO:colcon.colcon_core.shell:Creating environment hook '/home/mostafa/Downloads/amcl_ws/install/robot_gazebo/share/robot_gazebo/hook/cmake_prefix_path.sh'
[2.689s] Level 1:colcon.colcon_core.environment:checking '/home/mostafa/Downloads/amcl_ws/install/robot_gazebo/bin'
[2.689s] Level 1:colcon.colcon_core.environment:checking '/home/mostafa/Downloads/amcl_ws/install/robot_gazebo/lib/pkgconfig/robot_gazebo.pc'
[2.690s] Level 1:colcon.colcon_core.environment:checking '/home/mostafa/Downloads/amcl_ws/install/robot_gazebo/lib/python3.12/site-packages'
[2.690s] Level 1:colcon.colcon_core.environment:checking '/home/mostafa/Downloads/amcl_ws/install/robot_gazebo/bin'
[2.690s] INFO:colcon.colcon_core.shell:Creating package script '/home/mostafa/Downloads/amcl_ws/install/robot_gazebo/share/robot_gazebo/package.ps1'
[2.690s] INFO:colcon.colcon_core.shell:Creating package descriptor '/home/mostafa/Downloads/amcl_ws/install/robot_gazebo/share/robot_gazebo/package.dsv'
[2.691s] INFO:colcon.colcon_core.shell:Creating package script '/home/mostafa/Downloads/amcl_ws/install/robot_gazebo/share/robot_gazebo/package.sh'
[2.691s] INFO:colcon.colcon_core.shell:Creating package script '/home/mostafa/Downloads/amcl_ws/install/robot_gazebo/share/robot_gazebo/package.bash'
[2.691s] INFO:colcon.colcon_core.shell:Creating package script '/home/mostafa/Downloads/amcl_ws/install/robot_gazebo/share/robot_gazebo/package.zsh'
[2.692s] Level 1:colcon.colcon_core.environment:create_file_with_runtime_dependencies(/home/mostafa/Downloads/amcl_ws/install/robot_gazebo/share/colcon-core/packages/robot_gazebo)
[2.692s] Level 1:colcon.colcon_core.environment:create_environment_scripts_only(robot_gazebo)
[2.692s] Level 1:colcon.colcon_core.environment:checking '/home/mostafa/Downloads/amcl_ws/install/robot_gazebo' for CMake module files
[2.693s] Level 1:colcon.colcon_core.environment:checking '/home/mostafa/Downloads/amcl_ws/install/robot_gazebo' for CMake config files
[2.693s] Level 1:colcon.colcon_core.shell:create_environment_hook('robot_gazebo', 'cmake_prefix_path')
[2.693s] INFO:colcon.colcon_core.shell:Creating environment hook '/home/mostafa/Downloads/amcl_ws/install/robot_gazebo/share/robot_gazebo/hook/cmake_prefix_path.ps1'
[2.693s] INFO:colcon.colcon_core.shell:Creating environment descriptor '/home/mostafa/Downloads/amcl_ws/install/robot_gazebo/share/robot_gazebo/hook/cmake_prefix_path.dsv'
[2.694s] INFO:colcon.colcon_core.shell:Creating environment hook '/home/mostafa/Downloads/amcl_ws/install/robot_gazebo/share/robot_gazebo/hook/cmake_prefix_path.sh'
[2.694s] Level 1:colcon.colcon_core.environment:checking '/home/mostafa/Downloads/amcl_ws/install/robot_gazebo/bin'
[2.694s] Level 1:colcon.colcon_core.environment:checking '/home/mostafa/Downloads/amcl_ws/install/robot_gazebo/lib/pkgconfig/robot_gazebo.pc'
[2.695s] Level 1:colcon.colcon_core.environment:checking '/home/mostafa/Downloads/amcl_ws/install/robot_gazebo/lib/python3.12/site-packages'
[2.695s] Level 1:colcon.colcon_core.environment:checking '/home/mostafa/Downloads/amcl_ws/install/robot_gazebo/bin'
[2.696s] INFO:colcon.colcon_core.shell:Creating package script '/home/mostafa/Downloads/amcl_ws/install/robot_gazebo/share/robot_gazebo/package.ps1'
[2.696s] INFO:colcon.colcon_core.shell:Creating package descriptor '/home/mostafa/Downloads/amcl_ws/install/robot_gazebo/share/robot_gazebo/package.dsv'
[2.696s] INFO:colcon.colcon_core.shell:Creating package script '/home/mostafa/Downloads/amcl_ws/install/robot_gazebo/share/robot_gazebo/package.sh'
[2.697s] INFO:colcon.colcon_core.shell:Creating package script '/home/mostafa/Downloads/amcl_ws/install/robot_gazebo/share/robot_gazebo/package.bash'
[2.697s] INFO:colcon.colcon_core.shell:Creating package script '/home/mostafa/Downloads/amcl_ws/install/robot_gazebo/share/robot_gazebo/package.zsh'
[2.697s] Level 1:colcon.colcon_core.environment:create_file_with_runtime_dependencies(/home/mostafa/Downloads/amcl_ws/install/robot_gazebo/share/colcon-core/packages/robot_gazebo)
[2.700s] DEBUG:colcon.colcon_parallel_executor.executor.parallel:closing loop
[2.701s] DEBUG:colcon.colcon_parallel_executor.executor.parallel:loop closed
[2.701s] DEBUG:colcon.colcon_parallel_executor.executor.parallel:run_until_complete finished with '0'
[2.701s] DEBUG:colcon.colcon_core.event_reactor:joining thread
[2.708s] INFO:colcon.colcon_core.plugin_system:Skipping extension 'colcon_notification.desktop_notification.terminal_notifier': Not used on non-Darwin systems
[2.708s] INFO:colcon.colcon_core.plugin_system:Skipping extension 'colcon_notification.desktop_notification.win32': Not used on non-Windows systems
[2.708s] INFO:colcon.colcon_notification.desktop_notification:Sending desktop notification using 'notify2'
[2.726s] DEBUG:colcon.colcon_core.event_reactor:joined thread
[2.727s] INFO:colcon.colcon_core.shell:Creating prefix script '/home/mostafa/Downloads/amcl_ws/install/local_setup.ps1'
[2.728s] INFO:colcon.colcon_core.shell:Creating prefix util module '/home/mostafa/Downloads/amcl_ws/install/_local_setup_util_ps1.py'
[2.730s] INFO:colcon.colcon_core.shell:Creating prefix chain script '/home/mostafa/Downloads/amcl_ws/install/setup.ps1'
[2.731s] INFO:colcon.colcon_core.shell:Creating prefix script '/home/mostafa/Downloads/amcl_ws/install/local_setup.sh'
[2.732s] INFO:colcon.colcon_core.shell:Creating prefix util module '/home/mostafa/Downloads/amcl_ws/install/_local_setup_util_sh.py'
[2.733s] INFO:colcon.colcon_core.shell:Creating prefix chain script '/home/mostafa/Downloads/amcl_ws/install/setup.sh'
[2.735s] INFO:colcon.colcon_core.shell:Creating prefix script '/home/mostafa/Downloads/amcl_ws/install/local_setup.bash'
[2.735s] INFO:colcon.colcon_core.shell:Creating prefix chain script '/home/mostafa/Downloads/amcl_ws/install/setup.bash'
[2.737s] INFO:colcon.colcon_core.shell:Creating prefix script '/home/mostafa/Downloads/amcl_ws/install/local_setup.zsh'
[2.737s] INFO:colcon.colcon_core.shell:Creating prefix chain script '/home/mostafa/Downloads/amcl_ws/install/setup.zsh'
