[0.018s] Invoking command in '/home/mostafa/Downloads/amcl_ws/build/robot_slam': CMAKE_PREFIX_PATH=${CMAKE_PREFIX_PATH}:/opt/ros/jazzy DEBUGINFOD_URLS=https://debuginfod.ubuntu.com /usr/bin/cmake /home/mostafa/Downloads/amcl_ws/src/robot_slam -DCMAKE_INSTALL_PREFIX=/home/mostafa/Downloads/amcl_ws/install/robot_slam
[0.118s] -- The C compiler identification is GNU 13.3.0
[0.217s] -- The CXX compiler identification is GNU 13.3.0
[0.241s] -- Detecting C compiler ABI info
[0.377s] -- Detecting C compiler ABI info - done
[0.394s] -- Check for working C compiler: /usr/bin/cc - skipped
[0.395s] -- Detecting C compile features
[0.395s] -- Detecting C compile features - done
[0.410s] -- Detecting CXX compiler ABI info
[0.546s] -- Detecting CXX compiler ABI info - done
[0.564s] -- Check for working CXX compiler: /usr/bin/c++ - skipped
[0.565s] -- Detecting CXX compile features
[0.565s] -- Detecting CXX compile features - done
[0.580s] -- Found ament_cmake: 2.5.6 (/opt/ros/jazzy/share/ament_cmake/cmake)
[0.795s] -- Found Python3: /usr/bin/python3 (found version "3.12.3") found components: Interpreter 
[0.979s] -- Found std_msgs: 5.3.8 (/opt/ros/jazzy/share/std_msgs/cmake)
[1.059s] -- Found rosidl_generator_c: 4.6.9 (/opt/ros/jazzy/share/rosidl_generator_c/cmake)
[1.087s] -- Found rosidl_generator_cpp: 4.6.9 (/opt/ros/jazzy/share/rosidl_generator_cpp/cmake)
[1.120s] -- Using all available rosidl_typesupport_c: rosidl_typesupport_fastrtps_c;rosidl_typesupport_introspection_c
[1.160s] -- Using all available rosidl_typesupport_cpp: rosidl_typesupport_fastrtps_cpp;rosidl_typesupport_introspection_cpp
[1.218s] -- Found rclpy: 7.1.11 (/opt/ros/jazzy/share/rclpy/cmake)
[1.223s] -- Found rclcpp: 28.1.21 (/opt/ros/jazzy/share/rclcpp/cmake)
[1.365s] -- Found rmw_implementation_cmake: 7.3.3 (/opt/ros/jazzy/share/rmw_implementation_cmake/cmake)
[1.374s] -- Found rmw_fastrtps_cpp: 8.4.4 (/opt/ros/jazzy/share/rmw_fastrtps_cpp/cmake)
[1.585s] -- Found OpenSSL: /usr/lib/x86_64-linux-gnu/libcrypto.so (found version "3.0.13")  
[1.637s] -- Found FastRTPS: /opt/ros/jazzy/include (Required is at least version "2.13") 
[1.684s] -- Using RMW implementation 'rmw_fastrtps_cpp' as default
[1.892s] -- Found ament_lint_auto: 0.17.5 (/opt/ros/jazzy/share/ament_lint_auto/cmake)
[2.184s] -- Added test 'flake8' to check Python code syntax and style conventions
[2.184s] -- Configured 'flake8' exclude dirs and/or files: 
[2.184s] -- Added test 'lint_cmake' to check CMake code style
[2.185s] -- Added test 'pep257' to check Python code against some of the docstring style conventions in PEP 257
[2.185s] -- Added test 'xmllint' to check XML markup files
[2.186s] -- Configuring done (2.2s)
[2.192s] -- Generating done (0.0s)
[2.195s] -- Build files have been written to: /home/mostafa/Downloads/amcl_ws/build/robot_slam
[2.211s] Invoked command in '/home/mostafa/Downloads/amcl_ws/build/robot_slam' returned '0': CMAKE_PREFIX_PATH=${CMAKE_PREFIX_PATH}:/opt/ros/jazzy DEBUGINFOD_URLS=https://debuginfod.ubuntu.com /usr/bin/cmake /home/mostafa/Downloads/amcl_ws/src/robot_slam -DCMAKE_INSTALL_PREFIX=/home/mostafa/Downloads/amcl_ws/install/robot_slam
[2.213s] Invoking command in '/home/mostafa/Downloads/amcl_ws/build/robot_slam': CMAKE_PREFIX_PATH=${CMAKE_PREFIX_PATH}:/opt/ros/jazzy DEBUGINFOD_URLS=https://debuginfod.ubuntu.com /usr/bin/cmake --build /home/mostafa/Downloads/amcl_ws/build/robot_slam -- -j12 -l12
[2.287s] Invoked command in '/home/mostafa/Downloads/amcl_ws/build/robot_slam' returned '0': CMAKE_PREFIX_PATH=${CMAKE_PREFIX_PATH}:/opt/ros/jazzy DEBUGINFOD_URLS=https://debuginfod.ubuntu.com /usr/bin/cmake --build /home/mostafa/Downloads/amcl_ws/build/robot_slam -- -j12 -l12
[2.288s] Invoking command in '/home/mostafa/Downloads/amcl_ws/build/robot_slam': CMAKE_PREFIX_PATH=${CMAKE_PREFIX_PATH}:/opt/ros/jazzy DEBUGINFOD_URLS=https://debuginfod.ubuntu.com /usr/bin/cmake --install /home/mostafa/Downloads/amcl_ws/build/robot_slam
[2.300s] -- Install configuration: ""
[2.300s] -- Installing: /home/mostafa/Downloads/amcl_ws/install/robot_slam/share/robot_slam//launch
[2.300s] -- Installing: /home/mostafa/Downloads/amcl_ws/install/robot_slam/share/robot_slam//launch/online_async_launch.py
[2.300s] -- Installing: /home/mostafa/Downloads/amcl_ws/install/robot_slam/share/robot_slam//launch/slam_localization.launch.py
[2.301s] -- Installing: /home/mostafa/Downloads/amcl_ws/install/robot_slam/share/robot_slam//config
[2.301s] -- Installing: /home/mostafa/Downloads/amcl_ws/install/robot_slam/share/robot_slam//config/mapper_params_online_async.yaml
[2.301s] -- Installing: /home/mostafa/Downloads/amcl_ws/install/robot_slam/share/robot_slam//config/slam_localization.yaml
[2.301s] -- Installing: /home/mostafa/Downloads/amcl_ws/install/robot_slam/share/robot_slam//map
[2.301s] -- Installing: /home/mostafa/Downloads/amcl_ws/install/robot_slam/share/robot_slam//map/my_map.yaml
[2.301s] -- Installing: /home/mostafa/Downloads/amcl_ws/install/robot_slam/share/robot_slam//map/my_map.png
[2.301s] -- Installing: /home/mostafa/Downloads/amcl_ws/install/robot_slam/share/robot_slam//map/my_map.pgm
[2.301s] -- Installing: /home/mostafa/Downloads/amcl_ws/install/robot_slam/share/robot_slam//posegraph
[2.301s] -- Installing: /home/mostafa/Downloads/amcl_ws/install/robot_slam/share/robot_slam//posegraph/my_posegraph.data
[2.304s] -- Installing: /home/mostafa/Downloads/amcl_ws/install/robot_slam/share/robot_slam//posegraph/my_posegraph.posegraph
[2.314s] -- Installing: /home/mostafa/Downloads/amcl_ws/install/robot_slam/share/ament_index/resource_index/package_run_dependencies/robot_slam
[2.315s] -- Installing: /home/mostafa/Downloads/amcl_ws/install/robot_slam/share/ament_index/resource_index/parent_prefix_path/robot_slam
[2.315s] -- Installing: /home/mostafa/Downloads/amcl_ws/install/robot_slam/share/robot_slam/environment/ament_prefix_path.sh
[2.318s] -- Installing: /home/mostafa/Downloads/amcl_ws/install/robot_slam/share/robot_slam/environment/ament_prefix_path.dsv
[2.318s] -- Installing: /home/mostafa/Downloads/amcl_ws/install/robot_slam/share/robot_slam/environment/path.sh
[2.318s] -- Installing: /home/mostafa/Downloads/amcl_ws/install/robot_slam/share/robot_slam/environment/path.dsv
[2.318s] -- Installing: /home/mostafa/Downloads/amcl_ws/install/robot_slam/share/robot_slam/local_setup.bash
[2.318s] -- Installing: /home/mostafa/Downloads/amcl_ws/install/robot_slam/share/robot_slam/local_setup.sh
[2.318s] -- Installing: /home/mostafa/Downloads/amcl_ws/install/robot_slam/share/robot_slam/local_setup.zsh
[2.318s] -- Installing: /home/mostafa/Downloads/amcl_ws/install/robot_slam/share/robot_slam/local_setup.dsv
[2.318s] -- Installing: /home/mostafa/Downloads/amcl_ws/install/robot_slam/share/robot_slam/package.dsv
[2.319s] -- Installing: /home/mostafa/Downloads/amcl_ws/install/robot_slam/share/ament_index/resource_index/packages/robot_slam
[2.319s] -- Installing: /home/mostafa/Downloads/amcl_ws/install/robot_slam/share/robot_slam/cmake/robot_slamConfig.cmake
[2.319s] -- Installing: /home/mostafa/Downloads/amcl_ws/install/robot_slam/share/robot_slam/cmake/robot_slamConfig-version.cmake
[2.319s] -- Installing: /home/mostafa/Downloads/amcl_ws/install/robot_slam/share/robot_slam/package.xml
[2.320s] Invoked command in '/home/mostafa/Downloads/amcl_ws/build/robot_slam' returned '0': CMAKE_PREFIX_PATH=${CMAKE_PREFIX_PATH}:/opt/ros/jazzy DEBUGINFOD_URLS=https://debuginfod.ubuntu.com /usr/bin/cmake --install /home/mostafa/Downloads/amcl_ws/build/robot_slam
